// Jest Snapshot v1, https://goo.gl/fbAQLP

exports[`Home Page capture Snapshot of Home 1`] = `
<div
  className="col-12 row pageWrapper"
  id="Index"
>
  <div
    className="resetBtn"
  >
    <button
      className="alert alert-success"
      onClick={[Function]}
    >
      بارگیری مجدد آیتم ها
    </button>
  </div>
  <div
    className="container col-12 row"
  >
    
  </div>
</div>
`;
